<html>
<body>
<pre>
<h1>µVision Build Log</h1>
<h2>Project:</h2>
C:\Users\Lenovo\Desktop\Internship\UART\uart.uvproj
Project File Date:  03/23/2025

<h2>Output:</h2>
Rebuild target 'Target 1'
assembling startup_LPC17xx.s...
compiling uart.c...
compiling main.c...
compiling system_LPC17xx.c...
linking...
Program Size: Code=1352 RO-data=244 RW-data=4 ZI-data=516  
FromELF: creating hex file...
".\uart.axf" - 0 Error(s), 0 Warning(s).
</pre>
</body>
</html>
.c: 0 warnings, 2 errors
compiling system_LPC17xx.c...
".\uart.axf" - 2 Error(s), 0 Warning(s).
Target not created
